[
    [
        "Vlan20",
        "down (VLAN/BD is down)",
        "down",
        "EtherSVI",
        "5087.89a1.d8d5",
        "",
        "",
        "10.1.20.3/24",
        "1500",
        "",
        "",
        "",
        "",
        "",
        "",
        "",
        "1000000 Kbit",
        "10 usec",
        "ARPA",
        ""
    ],
    [
        "mgmt0",
        "up",
        "up",
        "GigabitEthernet",
        "5087.89a1.d8ce",
        "5087.89a1.d8ce",
        "out of band mgmt interface",
        "10.1.100.21/24",
        "1500",
        "",
        "full-duplex",
        "100 Mb/s",
        "",
        "",
        "",
        "",
        "100000 Kbit",
        "10 usec",
        "ARPA",
        ""
    ],
    [
        "Ethernet1/1",
        "up",
        "up",
        "1000/10000 Ethernet",
        "5087.89a1.d8d6",
        "5087.89a1.d8d6",
        "",
        "",
        "1500",
        "access",
        "full-duplex",
        "10 Gb/s",
        "68448",
        "754962",
        "0",
        "0",
        "10000000 Kbit",
        "10 usec",
        "ARPA",
        "2week(s) 1day(s)"
    ]
]